Archive member included to satisfy reference by file (symbol)

c:/st/stm32cubeide_1.4.0/stm32cubeide/plugins/com.st.stm32cube.ide.mcu.externaltools.gnu-tools-for-stm32.7-2018-q2-update.win32_1.4.0.202007081208/tools/bin/../lib/gcc/arm-none-eabi/7.3.1/../../../../arm-none-eabi/lib/thumb/v7e-m/fpv4-sp/hard\libc_nano.a(lib_a-errno.o)
                              Core/Src/syscalls.o (__errno)
c:/st/stm32cubeide_1.4.0/stm32cubeide/plugins/com.st.stm32cube.ide.mcu.externaltools.gnu-tools-for-stm32.7-2018-q2-update.win32_1.4.0.202007081208/tools/bin/../lib/gcc/arm-none-eabi/7.3.1/../../../../arm-none-eabi/lib/thumb/v7e-m/fpv4-sp/hard\libc_nano.a(lib_a-exit.o)
                              c:/st/stm32cubeide_1.4.0/stm32cubeide/plugins/com.st.stm32cube.ide.mcu.externaltools.gnu-tools-for-stm32.7-2018-q2-update.win32_1.4.0.202007081208/tools/bin/../lib/gcc/arm-none-eabi/7.3.1/../../../../arm-none-eabi/lib/thumb/v7e-m/fpv4-sp/hard/crt0.o (exit)
c:/st/stm32cubeide_1.4.0/stm32cubeide/plugins/com.st.stm32cube.ide.mcu.externaltools.gnu-tools-for-stm32.7-2018-q2-update.win32_1.4.0.202007081208/tools/bin/../lib/gcc/arm-none-eabi/7.3.1/../../../../arm-none-eabi/lib/thumb/v7e-m/fpv4-sp/hard\libc_nano.a(lib_a-impure.o)
                              c:/st/stm32cubeide_1.4.0/stm32cubeide/plugins/com.st.stm32cube.ide.mcu.externaltools.gnu-tools-for-stm32.7-2018-q2-update.win32_1.4.0.202007081208/tools/bin/../lib/gcc/arm-none-eabi/7.3.1/../../../../arm-none-eabi/lib/thumb/v7e-m/fpv4-sp/hard\libc_nano.a(lib_a-exit.o) (_global_impure_ptr)
c:/st/stm32cubeide_1.4.0/stm32cubeide/plugins/com.st.stm32cube.ide.mcu.externaltools.gnu-tools-for-stm32.7-2018-q2-update.win32_1.4.0.202007081208/tools/bin/../lib/gcc/arm-none-eabi/7.3.1/../../../../arm-none-eabi/lib/thumb/v7e-m/fpv4-sp/hard\libc_nano.a(lib_a-init.o)
                              c:/st/stm32cubeide_1.4.0/stm32cubeide/plugins/com.st.stm32cube.ide.mcu.externaltools.gnu-tools-for-stm32.7-2018-q2-update.win32_1.4.0.202007081208/tools/bin/../lib/gcc/arm-none-eabi/7.3.1/../../../../arm-none-eabi/lib/thumb/v7e-m/fpv4-sp/hard/crt0.o (__libc_init_array)
c:/st/stm32cubeide_1.4.0/stm32cubeide/plugins/com.st.stm32cube.ide.mcu.externaltools.gnu-tools-for-stm32.7-2018-q2-update.win32_1.4.0.202007081208/tools/bin/../lib/gcc/arm-none-eabi/7.3.1/../../../../arm-none-eabi/lib/thumb/v7e-m/fpv4-sp/hard\libc_nano.a(lib_a-memset.o)
                              c:/st/stm32cubeide_1.4.0/stm32cubeide/plugins/com.st.stm32cube.ide.mcu.externaltools.gnu-tools-for-stm32.7-2018-q2-update.win32_1.4.0.202007081208/tools/bin/../lib/gcc/arm-none-eabi/7.3.1/../../../../arm-none-eabi/lib/thumb/v7e-m/fpv4-sp/hard/crt0.o (memset)
c:/st/stm32cubeide_1.4.0/stm32cubeide/plugins/com.st.stm32cube.ide.mcu.externaltools.gnu-tools-for-stm32.7-2018-q2-update.win32_1.4.0.202007081208/tools/bin/../lib/gcc/arm-none-eabi/7.3.1/../../../../arm-none-eabi/lib/thumb/v7e-m/fpv4-sp/hard\libc_nano.a(lib_a-strlen.o)
                              Core/Src/main.o (strlen)
c:/st/stm32cubeide_1.4.0/stm32cubeide/plugins/com.st.stm32cube.ide.mcu.externaltools.gnu-tools-for-stm32.7-2018-q2-update.win32_1.4.0.202007081208/tools/bin/../lib/gcc/arm-none-eabi/7.3.1/../../../../arm-none-eabi/lib/thumb/v7e-m/fpv4-sp/hard\libc_nano.a(lib_a-vsnprintf.o)
                              Core/Src/main.o (vsnprintf)
c:/st/stm32cubeide_1.4.0/stm32cubeide/plugins/com.st.stm32cube.ide.mcu.externaltools.gnu-tools-for-stm32.7-2018-q2-update.win32_1.4.0.202007081208/tools/bin/../lib/gcc/arm-none-eabi/7.3.1/../../../../arm-none-eabi/lib/thumb/v7e-m/fpv4-sp/hard\libc_nano.a(lib_a-nano-svfprintf.o)
                              c:/st/stm32cubeide_1.4.0/stm32cubeide/plugins/com.st.stm32cube.ide.mcu.externaltools.gnu-tools-for-stm32.7-2018-q2-update.win32_1.4.0.202007081208/tools/bin/../lib/gcc/arm-none-eabi/7.3.1/../../../../arm-none-eabi/lib/thumb/v7e-m/fpv4-sp/hard\libc_nano.a(lib_a-vsnprintf.o) (_svfprintf_r)
c:/st/stm32cubeide_1.4.0/stm32cubeide/plugins/com.st.stm32cube.ide.mcu.externaltools.gnu-tools-for-stm32.7-2018-q2-update.win32_1.4.0.202007081208/tools/bin/../lib/gcc/arm-none-eabi/7.3.1/../../../../arm-none-eabi/lib/thumb/v7e-m/fpv4-sp/hard\libc_nano.a(lib_a-nano-vfprintf_i.o)
                              c:/st/stm32cubeide_1.4.0/stm32cubeide/plugins/com.st.stm32cube.ide.mcu.externaltools.gnu-tools-for-stm32.7-2018-q2-update.win32_1.4.0.202007081208/tools/bin/../lib/gcc/arm-none-eabi/7.3.1/../../../../arm-none-eabi/lib/thumb/v7e-m/fpv4-sp/hard\libc_nano.a(lib_a-nano-svfprintf.o) (_printf_i)
c:/st/stm32cubeide_1.4.0/stm32cubeide/plugins/com.st.stm32cube.ide.mcu.externaltools.gnu-tools-for-stm32.7-2018-q2-update.win32_1.4.0.202007081208/tools/bin/../lib/gcc/arm-none-eabi/7.3.1/../../../../arm-none-eabi/lib/thumb/v7e-m/fpv4-sp/hard\libc_nano.a(lib_a-memchr.o)
[...]
Memory Configuration

Name             Origin             Length             Attributes
CCMRAM           0x0000000010000000 0x0000000000001000 xrw
RAM              0x0000000020000000 0x0000000000003000 xrw
FLASH            0x0000000008000000 0x0000000000010000 xr
*default*        0x0000000000000000 0xffffffffffffffff

Linker script and memory map

LOAD c:/st/stm32cubeide_1.4.0/stm32cubeide/plugins/com.st.stm32cube.ide.mcu.externaltools.gnu-tools-for-stm32.7-2018-q2-update.win32_1.4.0.202007081208/tools/bin/../lib/gcc/arm-none-eabi/7.3.1/thumb/v7e-m/fpv4-sp/hard/crti.o
LOAD c:/st/stm32cubeide_1.4.0/stm32cubeide/plugins/com.st.stm32cube.ide.mcu.externaltools.gnu-tools-for-stm32.7-2018-q2-update.win32_1.4.0.202007081208/tools/bin/../lib/gcc/arm-none-eabi/7.3.1/thumb/v7e-m/fpv4-sp/hard/crtbegin.o
LOAD c:/st/stm32cubeide_1.4.0/stm32cubeide/plugins/com.st.stm32cube.ide.mcu.externaltools.gnu-tools-for-stm32.7-2018-q2-update.win32_1.4.0.202007081208/tools/bin/../lib/gcc/arm-none-eabi/7.3.1/../../../../arm-none-eabi/lib/thumb/v7e-m/fpv4-sp/hard/crt0.o
LOAD Core/Src/main.o
LOAD Core/Src/stm32f3xx_hal_msp.o
LOAD Core/Src/stm32f3xx_it.o
LOAD Core/Src/syscalls.o
LOAD Core/Src/sysmem.o
LOAD Core/Src/system_stm32f3xx.o
LOAD Core/Startup/startup_stm32f303k8tx.o
LOAD Drivers/STM32F3xx_HAL_Driver/Src/stm32f3xx_hal.o
LOAD Drivers/STM32F3xx_HAL_Driver/Src/stm32f3xx_hal_cortex.o
LOAD Drivers/STM32F3xx_HAL_Driver/Src/stm32f3xx_hal_dma.o
LOAD Drivers/STM32F3xx_HAL_Driver/Src/stm32f3xx_hal_exti.o
LOAD Drivers/STM32F3xx_HAL_Driver/Src/stm32f3xx_hal_flash.o
LOAD Drivers/STM32F3xx_HAL_Driver/Src/stm32f3xx_hal_flash_ex.o
LOAD Drivers/STM32F3xx_HAL_Driver/Src/stm32f3xx_hal_gpio.o
LOAD Drivers/STM32F3xx_HAL_Driver/Src/stm32f3xx_hal_i2c.o
LOAD Drivers/STM32F3xx_HAL_Driver/Src/stm32f3xx_hal_i2c_ex.o
LOAD Drivers/STM32F3xx_HAL_Driver/Src/stm32f3xx_hal_pwr.o
LOAD Drivers/STM32F3xx_HAL_Driver/Src/stm32f3xx_hal_pwr_ex.o
LOAD Drivers/STM32F3xx_HAL_Driver/Src/stm32f3xx_hal_rcc.o
LOAD Drivers/STM32F3xx_HAL_Driver/Src/stm32f3xx_hal_rcc_ex.o
LOAD Drivers/STM32F3xx_HAL_Driver/Src/stm32f3xx_hal_spi.o
LOAD Drivers/STM32F3xx_HAL_Driver/Src/stm32f3xx_hal_spi_ex.o
LOAD Drivers/STM32F3xx_HAL_Driver/Src/stm32f3xx_hal_tim.o
LOAD Drivers/STM32F3xx_HAL_Driver/Src/stm32f3xx_hal_tim_ex.o
LOAD Drivers/STM32F3xx_HAL_Driver/Src/stm32f3xx_hal_uart.o
LOAD Drivers/STM32F3xx_HAL_Driver/Src/stm32f3xx_hal_uart_ex.o
LOAD FATFS/App/fatfs.o
LOAD FATFS/Target/user_diskio.o
LOAD FATFS/Target/user_diskio_spi.o
LOAD Middlewares/Third_Party/FatFs/src/diskio.o
LOAD Middlewares/Third_Party/FatFs/src/ff.o
LOAD Middlewares/Third_Party/FatFs/src/ff_gen_drv.o
LOAD Middlewares/Third_Party/FatFs/src/option/ccsbcs.o
LOAD Middlewares/Third_Party/FatFs/src/option/syscall.o
START GROUP
LOAD c:/st/stm32cubeide_1.4.0/stm32cubeide/plugins/com.st.stm32cube.ide.mcu.externaltools.gnu-tools-for-stm32.7-2018-q2-update.win32_1.4.0.202007081208/tools/bin/../lib/gcc/arm-none-eabi/7.3.1/../../../../arm-none-eabi/lib/thumb/v7e-m/fpv4-sp/hard\libc_nano.a
LOAD c:/st/stm32cubeide_1.4.0/stm32cubeide/plugins/com.st.stm32cube.ide.mcu.externaltools.gnu-tools-for-stm32.7-2018-q2-update.win32_1.4.0.202007081208/tools/bin/../lib/gcc/arm-none-eabi/7.3.1/../../../../arm-none-eabi/lib/thumb/v7e-m/fpv4-sp/hard\libm.a
END GROUP
START GROUP
LOAD c:/st/stm32cubeide_1.4.0/stm32cubeide/plugins/com.st.stm32cube.ide.mcu.externaltools.gnu-tools-for-stm32.7-2018-q2-update.win32_1.4.0.202007081208/tools/bin/../lib/gcc/arm-none-eabi/7.3.1/thumb/v7e-m/fpv4-sp/hard\libgcc.a
LOAD c:/st/stm32cubeide_1.4.0/stm32cubeide/plugins/com.st.stm32cube.ide.mcu.externaltools.gnu-tools-for-stm32.7-2018-q2-update.win32_1.4.0.202007081208/tools/bin/../lib/gcc/arm-none-eabi/7.3.1/../../../../arm-none-eabi/lib/thumb/v7e-m/fpv4-sp/hard\libc_nano.a
END GROUP
START GROUP
LOAD c:/st/stm32cubeide_1.4.0/stm32cubeide/plugins/com.st.stm32cube.ide.mcu.externaltools.gnu-tools-for-stm32.7-2018-q2-update.win32_1.4.0.202007081208/tools/bin/../lib/gcc/arm-none-eabi/7.3.1/thumb/v7e-m/fpv4-sp/hard\libgcc.a
LOAD c:/st/stm32cubeide_1.4.0/stm32cubeide/plugins/com.st.stm32cube.ide.mcu.externaltools.gnu-tools-for-stm32.7-2018-q2-update.win32_1.4.0.202007081208/tools/bin/../lib/gcc/arm-none-eabi/7.3.1/../../../../arm-none-eabi/lib/thumb/v7e-m/fpv4-sp/hard\libc_nano.a
LOAD c:/st/stm32cubeide_1.4.0/stm32cubeide/plugins/com.st.stm32cube.ide.mcu.externaltools.gnu-tools-for-stm32.7-2018-q2-update.win32_1.4.0.202007081208/tools/bin/../lib/gcc/arm-none-eabi/7.3.1/../../../../arm-none-eabi/lib/thumb/v7e-m/fpv4-sp/hard\libnosys.a
END GROUP
START GROUP
LOAD c:/st/stm32cubeide_1.4.0/stm32cubeide/plugins/com.st.stm32cube.ide.mcu.externaltools.gnu-tools-for-stm32.7-2018-q2-update.win32_1.4.0.202007081208/tools/bin/../lib/gcc/arm-none-eabi/7.3.1/thumb/v7e-m/fpv4-sp/hard\libgcc.a
LOAD c:/st/stm32cubeide_1.4.0/stm32cubeide/plugins/com.st.stm32cube.ide.mcu.externaltools.gnu-tools-for-stm32.7-2018-q2-update.win32_1.4.0.202007081208/tools/bin/../lib/gcc/arm-none-eabi/7.3.1/../../../../arm-none-eabi/lib/thumb/v7e-m/fpv4-sp/hard\libc_nano.a
LOAD c:/st/stm32cubeide_1.4.0/stm32cubeide/plugins/com.st.stm32cube.ide.mcu.externaltools.gnu-tools-for-stm32.7-2018-q2-update.win32_1.4.0.202007081208/tools/bin/../lib/gcc/arm-none-eabi/7.3.1/../../../../arm-none-eabi/lib/thumb/v7e-m/fpv4-sp/hard\libnosys.a
END GROUP
LOAD c:/st/stm32cubeide_1.4.0/stm32cubeide/plugins/com.st.stm32cube.ide.mcu.externaltools.gnu-tools-for-stm32.7-2018-q2-update.win32_1.4.0.202007081208/tools/bin/../lib/gcc/arm-none-eabi/7.3.1/thumb/v7e-m/fpv4-sp/hard/crtend.o
LOAD c:/st/stm32cubeide_1.4.0/stm32cubeide/plugins/com.st.stm32cube.ide.mcu.externaltools.gnu-tools-for-stm32.7-2018-q2-update.win32_1.4.0.202007081208/tools/bin/../lib/gcc/arm-none-eabi/7.3.1/thumb/v7e-m/fpv4-sp/hard/crtn.o
                0x0000000020003000                _estack = (ORIGIN (RAM) + LENGTH (RAM))
                0x0000000000000200                _Min_Heap_Size = 0x200
                0x0000000000000400                _Min_Stack_Size = 0x400

.isr_vector     0x0000000008000000      0x188
                0x0000000008000000                . = ALIGN (0x4)
 *(.isr_vector)
 .isr_vector    0x0000000008000000      0x188 Core/Startup/startup_stm32f303k8tx.o
                0x0000000008000000                g_pfnVectors
                0x0000000008000188                . = ALIGN (0x4)

.text           0x0000000008000188     0x398c
                0x0000000008000188                . = ALIGN (0x4)
 *(.text)
 .text          0x0000000008000188       0x40 c:/st/stm32cubeide_1.4.0/stm32cubeide/plugins/com.st.stm32cube.ide.mcu.externaltools.gnu-tools-for-stm32.7-2018-q2-update.win32_1.4.0.202007081208/tools/bin/../lib/gcc/arm-none-eabi/7.3.1/thumb/v7e-m/fpv4-sp/hard/crtbegin.o
 *(.text*)
 .text.main     0x00000000080001c8       0x4c Core/Src/main.o
                0x00000000080001c8                main
 .text.SystemClock_Config
                0x0000000008000214       0xb8 Core/Src/main.o
                0x0000000008000214                SystemClock_Config
 .text.MX_SPI1_Init
                0x00000000080002cc       0x7c Core/Src/main.o
 .text.MX_USART1_UART_Init
                0x0000000008000348       0x60 Core/Src/main.o
 .text.MX_GPIO_Init
                0x00000000080003a8       0x94 Core/Src/main.o
 .text.Error_Handler
                0x000000000800043c        0xe Core/Src/main.o
                0x000000000800043c                Error_Handler
 *fill*         0x000000000800044a        0x2 
 .text.HAL_MspInit
                0x000000000800044c       0x48 Core/Src/stm32f3xx_hal_msp.o
                0x000000000800044c                HAL_MspInit
 .text.HAL_SPI_MspInit
                0x0000000008000494       0x84 Core/Src/stm32f3xx_hal_msp.o
                0x0000000008000494                HAL_SPI_MspInit
 .text.HAL_UART_MspInit
                0x0000000008000518       0x88 Core/Src/stm32f3xx_hal_msp.o
                0x0000000008000518                HAL_UART_MspInit
 .text.NMI_Handler
                0x00000000080005a0        0xe Core/Src/stm32f3xx_it.o
                0x00000000080005a0                NMI_Handler
 .text.HardFault_Handler
                0x00000000080005ae        0x6 Core/Src/stm32f3xx_it.o
                0x00000000080005ae                HardFault_Handler
 .text.MemManage_Handler
                0x00000000080005b4        0x6 Core/Src/stm32f3xx_it.o
                0x00000000080005b4                MemManage_Handler
 .text.BusFault_Handler
                0x00000000080005ba        0x6 Core/Src/stm32f3xx_it.o
                0x00000000080005ba                BusFault_Handler
 .text.UsageFault_Handler
                0x00000000080005c0        0x6 Core/Src/stm32f3xx_it.o
                0x00000000080005c0                UsageFault_Handler
 .text.SVC_Handler
                0x00000000080005c6        0xe Core/Src/stm32f3xx_it.o
                0x00000000080005c6                SVC_Handler
 .text.DebugMon_Handler
                0x00000000080005d4        0xe Core/Src/stm32f3xx_it.o
                0x00000000080005d4                DebugMon_Handler
 .text.PendSV_Handler
                0x00000000080005e2        0xe Core/Src/stm32f3xx_it.o
                0x00000000080005e2                PendSV_Handler
 .text.SysTick_Handler
                0x00000000080005f0        0xc Core/Src/stm32f3xx_it.o
                0x00000000080005f0                SysTick_Handler
 .text.SystemInit
                0x00000000080005fc       0x24 Core/Src/system_stm32f3xx.o
                0x00000000080005fc                SystemInit
 .text.Reset_Handler
                0x0000000008000620       0x50 Core/Startup/startup_stm32f303k8tx.o
                0x0000000008000620                Reset_Handler
 .text.Default_Handler
                0x0000000008000670        0x2 Core/Startup/startup_stm32f303k8tx.o
                0x0000000008000670                RTC_Alarm_IRQHandler
                0x0000000008000670                TIM1_CC_IRQHandler
                0x0000000008000670                PVD_IRQHandler
                0x0000000008000670                TAMP_STAMP_IRQHandler
                0x0000000008000670                EXTI3_IRQHandler
                0x0000000008000670                EXTI0_IRQHandler
                0x0000000008000670                FPU_IRQHandler
                0x0000000008000670                CAN_TX_IRQHandler
                0x0000000008000670                TIM1_UP_TIM16_IRQHandler
                0x0000000008000670                ADC1_2_IRQHandler
                0x0000000008000670                SPI1_IRQHandler
                0x0000000008000670                CAN_SCE_IRQHandler
                0x0000000008000670                DMA1_Channel4_IRQHandler
                0x0000000008000670                USART3_IRQHandler
                0x0000000008000670                DMA1_Channel7_IRQHandler
                0x0000000008000670                TIM7_DAC2_IRQHandler
                0x0000000008000670                CAN_RX1_IRQHandler
                0x0000000008000670                I2C1_EV_IRQHandler
                0x0000000008000670                DMA1_Channel6_IRQHandler
                0x0000000008000670                TIM3_IRQHandler
                0x0000000008000670                RCC_IRQHandler
                0x0000000008000670                DMA1_Channel1_IRQHandler
                0x0000000008000670                Default_Handler
                0x0000000008000670                EXTI15_10_IRQHandler
                0x0000000008000670                COMP2_IRQHandler
                0x0000000008000670                TIM6_DAC1_IRQHandler
                0x0000000008000670                EXTI9_5_IRQHandler
                0x0000000008000670                RTC_WKUP_IRQHandler
                0x0000000008000670                DMA1_Channel5_IRQHandler
                0x0000000008000670                EXTI4_IRQHandler
                0x0000000008000670                TIM1_TRG_COM_TIM17_IRQHandler
                0x0000000008000670                DMA1_Channel3_IRQHandler
                0x0000000008000670                WWDG_IRQHandler
                0x0000000008000670                TIM2_IRQHandler
                0x0000000008000670                EXTI1_IRQHandler
                0x0000000008000670                COMP4_6_IRQHandler
                0x0000000008000670                USART2_IRQHandler
                0x0000000008000670                DMA1_Channel2_IRQHandler
                0x0000000008000670                FLASH_IRQHandler
                0x0000000008000670                USART1_IRQHandler
                0x0000000008000670                CAN_RX0_IRQHandler
                0x0000000008000670                I2C1_ER_IRQHandler
                0x0000000008000670                EXTI2_TSC_IRQHandler
                0x0000000008000670                TIM1_BRK_TIM15_IRQHandler
 *fill*         0x0000000008000672        0x2 
 .text.HAL_Init
                0x0000000008000674       0x2c Drivers/STM32F3xx_HAL_Driver/Src/stm32f3xx_hal.o
                0x0000000008000674                HAL_Init
 .text.HAL_InitTick
                0x00000000080006a0       0x60 Drivers/STM32F3xx_HAL_Driver/Src/stm32f3xx_hal.o
                0x00000000080006a0                HAL_InitTick
 .text.HAL_IncTick
                0x0000000008000700       0x28 Drivers/STM32F3xx_HAL_Driver/Src/stm32f3xx_hal.o
                0x0000000008000700                HAL_IncTick
 .text.HAL_GetTick
                0x0000000008000728       0x18 Drivers/STM32F3xx_HAL_Driver/Src/stm32f3xx_hal.o
                0x0000000008000728                HAL_GetTick
 .text.HAL_Delay
                0x0000000008000740       0x44 Drivers/STM32F3xx_HAL_Driver/Src/stm32f3xx_hal.o
                0x0000000008000740                HAL_Delay
 .text.__NVIC_SetPriorityGrouping
                0x0000000008000784       0x48 Drivers/STM32F3xx_HAL_Driver/Src/stm32f3xx_hal_cortex.o
 .text.__NVIC_GetPriorityGrouping
                0x00000000080007cc       0x1c Drivers/STM32F3xx_HAL_Driver/Src/stm32f3xx_hal_cortex.o
 .text.__NVIC_SetPriority
                0x00000000080007e8       0x54 Drivers/STM32F3xx_HAL_Driver/Src/stm32f3xx_hal_cortex.o
 .text.NVIC_EncodePriority
                0x000000000800083c       0x66 Drivers/STM32F3xx_HAL_Driver/Src/stm32f3xx_hal_cortex.o
 *fill*         0x00000000080008a2        0x2 
 .text.SysTick_Config
                0x00000000080008a4       0x44 Drivers/STM32F3xx_HAL_Driver/Src/stm32f3xx_hal_cortex.o
 .text.HAL_NVIC_SetPriorityGrouping
                0x00000000080008e8       0x16 Drivers/STM32F3xx_HAL_Driver/Src/stm32f3xx_hal_cortex.o
                0x00000000080008e8                HAL_NVIC_SetPriorityGrouping
 .text.HAL_NVIC_SetPriority
                0x00000000080008fe       0x38 Drivers/STM32F3xx_HAL_Driver/Src/stm32f3xx_hal_cortex.o
                0x00000000080008fe                HAL_NVIC_SetPriority
 .text.HAL_SYSTICK_Config
                0x0000000008000936       0x18 Drivers/STM32F3xx_HAL_Driver/Src/stm32f3xx_hal_cortex.o
                0x0000000008000936                HAL_SYSTICK_Config
 *fill*         0x000000000800094e        0x2 
 .text.HAL_GPIO_Init
                0x0000000008000950      0x2e4 Drivers/STM32F3xx_HAL_Driver/Src/stm32f3xx_hal_gpio.o
                0x0000000008000950                HAL_GPIO_Init
 .text.HAL_GPIO_WritePin
                0x0000000008000c34       0x30 Drivers/STM32F3xx_HAL_Driver/Src/stm32f3xx_hal_gpio.o
                0x0000000008000c34                HAL_GPIO_WritePin
 .text.HAL_GPIO_TogglePin
                0x0000000008000c64       0x34 Drivers/STM32F3xx_HAL_Driver/Src/stm32f3xx_hal_gpio.o
                0x0000000008000c64                HAL_GPIO_TogglePin
 .text.HAL_RCC_OscConfig
                0x0000000008000c98      0xe10 Drivers/STM32F3xx_HAL_Driver/Src/stm32f3xx_hal_rcc.o
                0x0000000008000c98                HAL_RCC_OscConfig
 .text.HAL_RCC_ClockConfig
                0x0000000008001aa8      0x2f8 Drivers/STM32F3xx_HAL_Driver/Src/stm32f3xx_hal_rcc.o
                0x0000000008001aa8                HAL_RCC_ClockConfig
 .text.HAL_RCC_GetSysClockFreq
                0x0000000008001da0       0xd4 Drivers/STM32F3xx_HAL_Driver/Src/stm32f3xx_hal_rcc.o
                0x0000000008001da0                HAL_RCC_GetSysClockFreq
 .text.HAL_RCC_GetHCLKFreq
                0x0000000008001e74       0x18 Drivers/STM32F3xx_HAL_Driver/Src/stm32f3xx_hal_rcc.o
                0x0000000008001e74                HAL_RCC_GetHCLKFreq
 .text.HAL_RCC_GetPCLK1Freq
                0x0000000008001e8c       0x44 Drivers/STM32F3xx_HAL_Driver/Src/stm32f3xx_hal_rcc.o
                0x0000000008001e8c                HAL_RCC_GetPCLK1Freq
 .text.HAL_RCC_GetPCLK2Freq
                0x0000000008001ed0       0x44 Drivers/STM32F3xx_HAL_Driver/Src/stm32f3xx_hal_rcc.o
                0x0000000008001ed0                HAL_RCC_GetPCLK2Freq
 .text.HAL_RCCEx_PeriphCLKConfig
                0x0000000008001f14      0x24c Drivers/STM32F3xx_HAL_Driver/Src/stm32f3xx_hal_rcc_ex.o
                0x0000000008001f14                HAL_RCCEx_PeriphCLKConfig
 .text.HAL_SPI_Init
                0x0000000008002160      0x146 Drivers/STM32F3xx_HAL_Driver/Src/stm32f3xx_hal_spi.o
                0x0000000008002160                HAL_SPI_Init
 .text.HAL_SPI_TransmitReceive
                0x00000000080022a6      0x426 Drivers/STM32F3xx_HAL_Driver/Src/stm32f3xx_hal_spi.o
                0x00000000080022a6                HAL_SPI_TransmitReceive
 .text.SPI_WaitFlagStateUntilTimeout
                0x00000000080026cc      0x110 Drivers/STM32F3xx_HAL_Driver/Src/stm32f3xx_hal_spi.o
 .text.SPI_WaitFifoStateUntilTimeout
                0x00000000080027dc      0x11c Drivers/STM32F3xx_HAL_Driver/Src/stm32f3xx_hal_spi.o
 .text.SPI_EndRxTxTransaction
                0x00000000080028f8       0x8c Drivers/STM32F3xx_HAL_Driver/Src/stm32f3xx_hal_spi.o
 .text.HAL_UART_Init
                0x0000000008002984       0x9c Drivers/STM32F3xx_HAL_Driver/Src/stm32f3xx_hal_uart.o
                0x0000000008002984                HAL_UART_Init
 .text.UART_SetConfig
                0x0000000008002a20      0x270 Drivers/STM32F3xx_HAL_Driver/Src/stm32f3xx_hal_uart.o
                0x0000000008002a20                UART_SetConfig
 .text.UART_AdvFeatureConfig
                0x0000000008002c90      0x144 Drivers/STM32F3xx_HAL_Driver/Src/stm32f3xx_hal_uart.o
                0x0000000008002c90                UART_AdvFeatureConfig
 .text.UART_CheckIdleState
                0x0000000008002dd4       0x92 Drivers/STM32F3xx_HAL_Driver/Src/stm32f3xx_hal_uart.o
                0x0000000008002dd4                UART_CheckIdleState
 .text.UART_WaitOnFlagUntilTimeout
                0x0000000008002e66       0xf8 Drivers/STM32F3xx_HAL_Driver/Src/stm32f3xx_hal_uart.o
                0x0000000008002e66                UART_WaitOnFlagUntilTimeout
 *fill*         0x0000000008002f5e        0x2 
 .text.MX_FATFS_Init
                0x0000000008002f60       0x24 FATFS/App/fatfs.o
                0x0000000008002f60                MX_FATFS_Init
 .text.USER_initialize
                0x0000000008002f84       0x1c FATFS/Target/user_diskio.o
                0x0000000008002f84                USER_initialize
 .text.USER_status
                0x0000000008002fa0       0x1c FATFS/Target/user_diskio.o
                0x0000000008002fa0                USER_status
 .text.USER_read
                0x0000000008002fbc       0x26 FATFS/Target/user_diskio.o
                0x0000000008002fbc                USER_read
 .text.USER_write
                0x0000000008002fe2       0x26 FATFS/Target/user_diskio.o
                0x0000000008002fe2                USER_write
 .text.USER_ioctl
                0x0000000008003008       0x26 FATFS/Target/user_diskio.o
                0x0000000008003008                USER_ioctl
 *fill*         0x000000000800302e        0x2 
 .text.SPI_Timer_On
                0x0000000008003030       0x28 FATFS/Target/user_diskio_spi.o
                0x0000000008003030                SPI_Timer_On
 .text.SPI_Timer_Status
                0x0000000008003058       0x2c FATFS/Target/user_diskio_spi.o
                0x0000000008003058                SPI_Timer_Status
 .text.xchg_spi
                0x0000000008003084       0x2c FATFS/Target/user_diskio_spi.o
 .text.rcvr_spi_multi
                0x00000000080030b0       0x36 FATFS/Target/user_diskio_spi.o
 .text.xmit_spi_multi
                0x00000000080030e6       0x34 FATFS/Target/user_diskio_spi.o
 .text.wait_ready
                0x000000000800311a       0x46 FATFS/Target/user_diskio_spi.o
 .text.despiselect
                0x0000000008003160       0x1c FATFS/Target/user_diskio_spi.o
 .text.spiselect
                0x000000000800317c       0x34 FATFS/Target/user_diskio_spi.o
 .text.rcvr_datablock
                0x00000000080031b0       0x52 FATFS/Target/user_diskio_spi.o
 .text.xmit_datablock
                0x0000000008003202       0x64 FATFS/Target/user_diskio_spi.o
 .text.send_cmd
                0x0000000008003266       0xde FATFS/Target/user_diskio_spi.o
 .text.USER_SPI_initialize
                0x0000000008003344      0x1d8 FATFS/Target/user_diskio_spi.o
                0x0000000008003344                USER_SPI_initialize
 .text.USER_SPI_status
                0x000000000800351c       0x2c FATFS/Target/user_diskio_spi.o
                0x000000000800351c                USER_SPI_status
 .text.USER_SPI_read
                0x0000000008003548       0xcc FATFS/Target/user_diskio_spi.o
                0x0000000008003548                USER_SPI_read
 .text.USER_SPI_write
                0x0000000008003614       0xf8 FATFS/Target/user_diskio_spi.o
                0x0000000008003614                USER_SPI_write
 .text.USER_SPI_ioctl
                0x000000000800370c      0x2e0 FATFS/Target/user_diskio_spi.o
                0x000000000800370c                USER_SPI_ioctl
 .text.FATFS_LinkDriverEx
                0x00000000080039ec       0x98 Middlewares/Third_Party/FatFs/src/ff_gen_drv.o
                0x00000000080039ec                FATFS_LinkDriverEx
 .text.FATFS_LinkDriver
                0x0000000008003a84       0x1e Middlewares/Third_Party/FatFs/src/ff_gen_drv.o
                0x0000000008003a84                FATFS_LinkDriver
 *fill*         0x0000000008003aa2        0x2 
 .text.__libc_init_array
                0x0000000008003aa4       0x48 c:/st/stm32cubeide_1.4.0/stm32cubeide/plugins/com.st.stm32cube.ide.mcu.externaltools.gnu-tools-for-stm32.7-2018-q2-update.win32_1.4.0.202007081208/tools/bin/../lib/gcc/arm-none-eabi/7.3.1/../../../../arm-none-eabi/lib/thumb/v7e-m/fpv4-sp/hard\libc_nano.a(lib_a-init.o)
                0x0000000008003aa4                __libc_init_array
 .text.memset   0x0000000008003aec       0x10 c:/st/stm32cubeide_1.4.0/stm32cubeide/plugins/com.st.stm32cube.ide.mcu.externaltools.gnu-tools-for-stm32.7-2018-q2-update.win32_1.4.0.202007081208/tools/bin/../lib/gcc/arm-none-eabi/7.3.1/../../../../arm-none-eabi/lib/thumb/v7e-m/fpv4-sp/hard\libc_nano.a(lib_a-memset.o)
                0x0000000008003aec                memset
 *(.glue_7)
 .glue_7        0x0000000008003afc        0x0 linker stubs
 *(.glue_7t)
 .glue_7t       0x0000000008003afc        0x0 linker stubs
 *(.eh_frame)
 .eh_frame      0x0000000008003afc        0x0 c:/st/stm32cubeide_1.4.0/stm32cubeide/plugins/com.st.stm32cube.ide.mcu.externaltools.gnu-tools-for-stm32.7-2018-q2-update.win32_1.4.0.202007081208/tools/bin/../lib/gcc/arm-none-eabi/7.3.1/thumb/v7e-m/fpv4-sp/hard/crtbegin.o
 *(.init)
 .init          0x0000000008003afc        0x4 c:/st/stm32cubeide_1.4.0/stm32cubeide/plugins/com.st.stm32cube.ide.mcu.externaltools.gnu-tools-for-stm32.7-2018-q2-update.win32_1.4.0.202007081208/tools/bin/../lib/gcc/arm-none-eabi/7.3.1/thumb/v7e-m/fpv4-sp/hard/crti.o
                0x0000000008003afc                _init
 .init          0x0000000008003b00        0x8 c:/st/stm32cubeide_1.4.0/stm32cubeide/plugins/com.st.stm32cube.ide.mcu.externaltools.gnu-tools-for-stm32.7-2018-q2-update.win32_1.4.0.202007081208/tools/bin/../lib/gcc/arm-none-eabi/7.3.1/thumb/v7e-m/fpv4-sp/hard/crtn.o
 *(.fini)
 .fini          0x0000000008003b08        0x4 c:/st/stm32cubeide_1.4.0/stm32cubeide/plugins/com.st.stm32cube.ide.mcu.externaltools.gnu-tools-for-stm32.7-2018-q2-update.win32_1.4.0.202007081208/tools/bin/../lib/gcc/arm-none-eabi/7.3.1/thumb/v7e-m/fpv4-sp/hard/crti.o
                0x0000000008003b08                _fini
 .fini          0x0000000008003b0c        0x8 c:/st/stm32cubeide_1.4.0/stm32cubeide/plugins/com.st.stm32cube.ide.mcu.externaltools.gnu-tools-for-stm32.7-2018-q2-update.win32_1.4.0.202007081208/tools/bin/../lib/gcc/arm-none-eabi/7.3.1/thumb/v7e-m/fpv4-sp/hard/crtn.o
                0x0000000008003b14                . = ALIGN (0x4)
                0x0000000008003b14                _etext = .

.vfp11_veneer   0x0000000008003b14        0x0
 .vfp11_veneer  0x0000000008003b14        0x0 linker stubs

.v4_bx          0x0000000008003b14        0x0
 .v4_bx         0x0000000008003b14        0x0 linker stubs

.iplt           0x0000000008003b14        0x0
 .iplt          0x0000000008003b14        0x0 c:/st/stm32cubeide_1.4.0/stm32cubeide/plugins/com.st.stm32cube.ide.mcu.externaltools.gnu-tools-for-stm32.7-2018-q2-update.win32_1.4.0.202007081208/tools/bin/../lib/gcc/arm-none-eabi/7.3.1/thumb/v7e-m/fpv4-sp/hard/crtbegin.o

.rodata         0x0000000008003b14       0x5c
                0x0000000008003b14                . = ALIGN (0x4)
 *(.rodata)
 .rodata        0x0000000008003b14       0x21 Core/Src/main.o
 *(.rodata*)
 *fill*         0x0000000008003b35        0x3 
 .rodata.AHBPrescTable
                0x0000000008003b38       0x10 Core/Src/system_stm32f3xx.o
                0x0000000008003b38                AHBPrescTable
 .rodata.APBPrescTable
                0x0000000008003b48        0x8 Core/Src/system_stm32f3xx.o
                0x0000000008003b48                APBPrescTable
 .rodata.aPLLMULFactorTable
                0x0000000008003b50       0x10 Drivers/STM32F3xx_HAL_Driver/Src/stm32f3xx_hal_rcc.o
                0x0000000008003b50                aPLLMULFactorTable
 .rodata.aPredivFactorTable
                0x0000000008003b60       0x10 Drivers/STM32F3xx_HAL_Driver/Src/stm32f3xx_hal_rcc.o
                0x0000000008003b60                aPredivFactorTable
                0x0000000008003b70                . = ALIGN (0x4)

.rel.dyn        0x0000000008003b70        0x0
 .rel.iplt      0x0000000008003b70        0x0 c:/st/stm32cubeide_1.4.0/stm32cubeide/plugins/com.st.stm32cube.ide.mcu.externaltools.gnu-tools-for-stm32.7-2018-q2-update.win32_1.4.0.202007081208/tools/bin/../lib/gcc/arm-none-eabi/7.3.1/thumb/v7e-m/fpv4-sp/hard/crtbegin.o

.ARM.extab      0x0000000008003b70        0x0
                0x0000000008003b70                . = ALIGN (0x4)
 *(.ARM.extab* .gnu.linkonce.armextab.*)
                0x0000000008003b70                . = ALIGN (0x4)

.ARM            0x0000000008003b70        0x0
                0x0000000008003b70                . = ALIGN (0x4)
                0x0000000008003b70                __exidx_start = .
 *(.ARM.exidx*)
                0x0000000008003b70                __exidx_end = .
                0x0000000008003b70                . = ALIGN (0x4)

.preinit_array  0x0000000008003b70        0x0
                0x0000000008003b70                . = ALIGN (0x4)
                0x0000000008003b70                PROVIDE (__preinit_array_start = .)
 *(.preinit_array*)
                0x0000000008003b70                PROVIDE (__preinit_array_end = .)
                0x0000000008003b70                . = ALIGN (0x4)

.init_array     0x0000000008003b70        0x4
                0x0000000008003b70                . = ALIGN (0x4)
                0x0000000008003b70                PROVIDE (__init_array_start = .)
 *(SORT_BY_NAME(.init_array.*))
 *(.init_array*)
 .init_array    0x0000000008003b70        0x4 c:/st/stm32cubeide_1.4.0/stm32cubeide/plugins/com.st.stm32cube.ide.mcu.externaltools.gnu-tools-for-stm32.7-2018-q2-update.win32_1.4.0.202007081208/tools/bin/../lib/gcc/arm-none-eabi/7.3.1/thumb/v7e-m/fpv4-sp/hard/crtbegin.o
                0x0000000008003b74                PROVIDE (__init_array_end = .)
                0x0000000008003b74                . = ALIGN (0x4)

.fini_array     0x0000000008003b74        0x4
                0x0000000008003b74                . = ALIGN (0x4)
                [!provide]                        PROVIDE (__fini_array_start = .)
 *(SORT_BY_NAME(.fini_array.*))
 *(.fini_array*)
 .fini_array    0x0000000008003b74        0x4 c:/st/stm32cubeide_1.4.0/stm32cubeide/plugins/com.st.stm32cube.ide.mcu.externaltools.gnu-tools-for-stm32.7-2018-q2-update.win32_1.4.0.202007081208/tools/bin/../lib/gcc/arm-none-eabi/7.3.1/thumb/v7e-m/fpv4-sp/hard/crtbegin.o
                [!provide]                        PROVIDE (__fini_array_end = .)
                0x0000000008003b78                . = ALIGN (0x4)
                0x0000000008003b78                _sidata = LOADADDR (.data)

.data           0x0000000020000000       0x24 load address 0x0000000008003b78
                0x0000000020000000                . = ALIGN (0x4)
                0x0000000020000000                _sdata = .
 *(.data)
 *(.data*)
 .data.SystemCoreClock
                0x0000000020000000        0x4 Core/Src/system_stm32f3xx.o
                0x0000000020000000                SystemCoreClock
 .data.uwTickPrio
                0x0000000020000004        0x4 Drivers/STM32F3xx_HAL_Driver/Src/stm32f3xx_hal.o
                0x0000000020000004                uwTickPrio
 .data.uwTickFreq
                0x0000000020000008        0x1 Drivers/STM32F3xx_HAL_Driver/Src/stm32f3xx_hal.o
                0x0000000020000008                uwTickFreq
 *fill*         0x0000000020000009        0x3 
 .data.USER_Driver
                0x000000002000000c       0x14 FATFS/Target/user_diskio.o
                0x000000002000000c                USER_Driver
 .data.Stat     0x0000000020000020        0x1 FATFS/Target/user_diskio_spi.o
                0x0000000020000024                . = ALIGN (0x4)
 *fill*         0x0000000020000021        0x3 
                0x0000000020000024                _edata = .

.igot.plt       0x0000000020000024        0x0 load address 0x0000000008003b9c
 .igot.plt      0x0000000020000024        0x0 c:/st/stm32cubeide_1.4.0/stm32cubeide/plugins/com.st.stm32cube.ide.mcu.externaltools.gnu-tools-for-stm32.7-2018-q2-update.win32_1.4.0.202007081208/tools/bin/../lib/gcc/arm-none-eabi/7.3.1/thumb/v7e-m/fpv4-sp/hard/crtbegin.o
                0x0000000020000024                . = ALIGN (0x4)

.bss            0x0000000020000024     0x2184 load address 0x0000000008003b9c
                0x0000000020000024                _sbss = .
                0x0000000020000024                __bss_start__ = _sbss
 *(.bss)
 .bss           0x0000000020000024       0x1c c:/st/stm32cubeide_1.4.0/stm32cubeide/plugins/com.st.stm32cube.ide.mcu.externaltools.gnu-tools-for-stm32.7-2018-q2-update.win32_1.4.0.202007081208/tools/bin/../lib/gcc/arm-none-eabi/7.3.1/thumb/v7e-m/fpv4-sp/hard/crtbegin.o
 *(.bss*)
 .bss.CardType  0x0000000020000040        0x1 FATFS/Target/user_diskio_spi.o
 *fill*         0x0000000020000041        0x3 
 .bss.disk      0x0000000020000044        0xc Middlewares/Third_Party/FatFs/src/ff_gen_drv.o
                0x0000000020000044                disk
 *(COMMON)
 COMMON         0x0000000020000050       0xe8 Core/Src/main.o
                0x0000000020000050                huart1
                0x00000000200000d4                hspi1
 COMMON         0x0000000020000138        0x4 Drivers/STM32F3xx_HAL_Driver/Src/stm32f3xx_hal.o
                0x0000000020000138                uwTick
 COMMON         0x000000002000013c     0x2064 FATFS/App/fatfs.o
                0x000000002000013c                USERPath
                0x0000000020000140                retUSER
                0x0000000020000144                USERFile
                0x0000000020001170                USERFatFS
 COMMON         0x00000000200021a0        0x8 FATFS/Target/user_diskio_spi.o
                0x00000000200021a0                spiTimerTickStart
                0x00000000200021a4                spiTimerTickDelay
                0x00000000200021a8                . = ALIGN (0x4)
                0x00000000200021a8                _ebss = .
                0x00000000200021a8                __bss_end__ = _ebss

._user_heap_stack
                0x00000000200021a8      0x600 load address 0x0000000008003b9c
                0x00000000200021a8                . = ALIGN (0x8)
                [!provide]                        PROVIDE (end = .)
                0x00000000200021a8                PROVIDE (_end = .)
                0x00000000200023a8                . = (. + _Min_Heap_Size)
 *fill*         0x00000000200021a8      0x200 
                0x00000000200027a8                . = (. + _Min_Stack_Size)
 *fill*         0x00000000200023a8      0x400 
                0x00000000200027a8                . = ALIGN (0x8)

/DISCARD/
 libc.a(*)
 libm.a(*)
 libgcc.a(*)

.ARM.attributes
                0x0000000000000000       0x30
 *(.ARM.attributes)
 .ARM.attributes
                0x0000000000000000       0x22 c:/st/stm32cubeide_1.4.0/stm32cubeide/plugins/com.st.stm32cube.ide.mcu.externaltools.gnu-tools-for-stm32.7-2018-q2-update.win32_1.4.0.202007081208/tools/bin/../lib/gcc/arm-none-eabi/7.3.1/thumb/v7e-m/fpv4-sp/hard/crti.o
 .ARM.attributes
                0x0000000000000022       0x34 c:/st/stm32cubeide_1.4.0/stm32cubeide/plugins/com.st.stm32cube.ide.mcu.externaltools.gnu-tools-for-stm32.7-2018-q2-update.win32_1.4.0.202007081208/tools/bin/../lib/gcc/arm-none-eabi/7.3.1/thumb/v7e-m/fpv4-sp/hard/crtbegin.o
 .ARM.attributes
                0x0000000000000056       0x39 Core/Src/main.o
 .ARM.attributes
                0x000000000000008f       0x39 Core/Src/stm32f3xx_hal_msp.o
 .ARM.attributes
                0x00000000000000c8       0x39 Core/Src/stm32f3xx_it.o
 .ARM.attributes
                0x0000000000000101       0x39 Core/Src/system_stm32f3xx.o
 .ARM.attributes
                0x000000000000013a       0x21 Core/Startup/startup_stm32f303k8tx.o
 .ARM.attributes
                0x000000000000015b       0x39 Drivers/STM32F3xx_HAL_Driver/Src/stm32f3xx_hal.o
 .ARM.attributes
                0x0000000000000194       0x39 Drivers/STM32F3xx_HAL_Driver/Src/stm32f3xx_hal_cortex.o
 .ARM.attributes
                0x00000000000001cd       0x39 Drivers/STM32F3xx_HAL_Driver/Src/stm32f3xx_hal_gpio.o
 .ARM.attributes
                0x0000000000000206       0x39 Drivers/STM32F3xx_HAL_Driver/Src/stm32f3xx_hal_rcc.o
 .ARM.attributes
                0x000000000000023f       0x39 Drivers/STM32F3xx_HAL_Driver/Src/stm32f3xx_hal_rcc_ex.o
 .ARM.attributes
                0x0000000000000278       0x39 Drivers/STM32F3xx_HAL_Driver/Src/stm32f3xx_hal_spi.o
 .ARM.attributes
                0x00000000000002b1       0x39 Drivers/STM32F3xx_HAL_Driver/Src/stm32f3xx_hal_uart.o
 .ARM.attributes
                0x00000000000002ea       0x39 FATFS/App/fatfs.o
 .ARM.attributes
                0x0000000000000323       0x39 FATFS/Target/user_diskio.o
 .ARM.attributes
                0x000000000000035c       0x39 FATFS/Target/user_diskio_spi.o
 .ARM.attributes
                0x0000000000000395       0x39 Middlewares/Third_Party/FatFs/src/ff_gen_drv.o
 .ARM.attributes
                0x00000000000003ce       0x34 c:/st/stm32cubeide_1.4.0/stm32cubeide/plugins/com.st.stm32cube.ide.mcu.externaltools.gnu-tools-for-stm32.7-2018-q2-update.win32_1.4.0.202007081208/tools/bin/../lib/gcc/arm-none-eabi/7.3.1/../../../../arm-none-eabi/lib/thumb/v7e-m/fpv4-sp/hard\libc_nano.a(lib_a-init.o)
 .ARM.attributes
                0x0000000000000402       0x34 c:/st/stm32cubeide_1.4.0/stm32cubeide/plugins/com.st.stm32cube.ide.mcu.externaltools.gnu-tools-for-stm32.7-2018-q2-update.win32_1.4.0.202007081208/tools/bin/../lib/gcc/arm-none-eabi/7.3.1/../../../../arm-none-eabi/lib/thumb/v7e-m/fpv4-sp/hard\libc_nano.a(lib_a-memset.o)
 .ARM.attributes
                0x0000000000000436       0x22 c:/st/stm32cubeide_1.4.0/stm32cubeide/plugins/com.st.stm32cube.ide.mcu.externaltools.gnu-tools-for-stm32.7-2018-q2-update.win32_1.4.0.202007081208/tools/bin/../lib/gcc/arm-none-eabi/7.3.1/thumb/v7e-m/fpv4-sp/hard/crtn.o
OUTPUT(SDCARD.elf elf32-littlearm)

.debug_info     0x0000000000000000     0xb483
 .debug_info    0x0000000000000000     0x1a28 Core/Src/main.o
 .debug_info    0x0000000000001a28      0xc1c Core/Src/stm32f3xx_hal_msp.o
 .debug_info    0x0000000000002644      0x20d Core/Src/stm32f3xx_it.o
 .debug_info    0x0000000000002851      0x45c Core/Src/system_stm32f3xx.o
 .debug_info    0x0000000000002cad       0x22 Core/Startup/startup_stm32f303k8tx.o
 .debug_info    0x0000000000002ccf      0x758 Drivers/STM32F3xx_HAL_Driver/Src/stm32f3xx_hal.o
 .debug_info    0x0000000000003427      0xb54 Drivers/STM32F3xx_HAL_Driver/Src/stm32f3xx_hal_cortex.o
 .debug_info    0x0000000000003f7b      0x7c1 Drivers/STM32F3xx_HAL_Driver/Src/stm32f3xx_hal_gpio.o
 .debug_info    0x000000000000473c     0x180f Drivers/STM32F3xx_HAL_Driver/Src/stm32f3xx_hal_rcc.o
 .debug_info    0x0000000000005f4b      0x608 Drivers/STM32F3xx_HAL_Driver/Src/stm32f3xx_hal_rcc_ex.o
 .debug_info    0x0000000000006553     0x1665 Drivers/STM32F3xx_HAL_Driver/Src/stm32f3xx_hal_spi.o
 .debug_info    0x0000000000007bb8     0x16a2 Drivers/STM32F3xx_HAL_Driver/Src/stm32f3xx_hal_uart.o
 .debug_info    0x000000000000925a      0x5a7 FATFS/App/fatfs.o
 .debug_info    0x0000000000009801      0xc21 FATFS/Target/user_diskio.o
 .debug_info    0x000000000000a422      0xbfd FATFS/Target/user_diskio_spi.o
 .debug_info    0x000000000000b01f      0x464 Middlewares/Third_Party/FatFs/src/ff_gen_drv.o

.debug_abbrev   0x0000000000000000     0x1d3b
 .debug_abbrev  0x0000000000000000      0x2d9 Core/Src/main.o
 .debug_abbrev  0x00000000000002d9      0x18c Core/Src/stm32f3xx_hal_msp.o
 .debug_abbrev  0x0000000000000465       0xc6 Core/Src/stm32f3xx_it.o
 .debug_abbrev  0x000000000000052b      0x12b Core/Src/system_stm32f3xx.o
 .debug_abbrev  0x0000000000000656       0x12 Core/Startup/startup_stm32f303k8tx.o
 .debug_abbrev  0x0000000000000668      0x1c7 Drivers/STM32F3xx_HAL_Driver/Src/stm32f3xx_hal.o
 .debug_abbrev  0x000000000000082f      0x2d5 Drivers/STM32F3xx_HAL_Driver/Src/stm32f3xx_hal_cortex.o
 .debug_abbrev  0x0000000000000b04      0x1c0 Drivers/STM32F3xx_HAL_Driver/Src/stm32f3xx_hal_gpio.o
 .debug_abbrev  0x0000000000000cc4      0x28c Drivers/STM32F3xx_HAL_Driver/Src/stm32f3xx_hal_rcc.o
 .debug_abbrev  0x0000000000000f50      0x208 Drivers/STM32F3xx_HAL_Driver/Src/stm32f3xx_hal_rcc_ex.o
 .debug_abbrev  0x0000000000001158      0x228 Drivers/STM32F3xx_HAL_Driver/Src/stm32f3xx_hal_spi.o
 .debug_abbrev  0x0000000000001380      0x215 Drivers/STM32F3xx_HAL_Driver/Src/stm32f3xx_hal_uart.o
 .debug_abbrev  0x0000000000001595      0x17d FATFS/App/fatfs.o
 .debug_abbrev  0x0000000000001712      0x1f1 FATFS/Target/user_diskio.o
 .debug_abbrev  0x0000000000001903      0x29c FATFS/Target/user_diskio_spi.o
 .debug_abbrev  0x0000000000001b9f      0x19c Middlewares/Third_Party/FatFs/src/ff_gen_drv.o

.debug_aranges  0x0000000000000000      0x978
 .debug_aranges
                0x0000000000000000       0x50 Core/Src/main.o
 .debug_aranges
                0x0000000000000050       0x40 Core/Src/stm32f3xx_hal_msp.o
 .debug_aranges
                0x0000000000000090       0x60 Core/Src/stm32f3xx_it.o
 .debug_aranges
                0x00000000000000f0       0x28 Core/Src/system_stm32f3xx.o
 .debug_aranges
                0x0000000000000118       0x28 Core/Startup/startup_stm32f303k8tx.o
 .debug_aranges
                0x0000000000000140       0xe0 Drivers/STM32F3xx_HAL_Driver/Src/stm32f3xx_hal.o
 .debug_aranges
                0x0000000000000220      0x100 Drivers/STM32F3xx_HAL_Driver/Src/stm32f3xx_hal_cortex.o
 .debug_aranges
                0x0000000000000320       0x58 Drivers/STM32F3xx_HAL_Driver/Src/stm32f3xx_hal_gpio.o
 .debug_aranges
                0x0000000000000378       0x88 Drivers/STM32F3xx_HAL_Driver/Src/stm32f3xx_hal_rcc.o
 .debug_aranges
                0x0000000000000400       0x38 Drivers/STM32F3xx_HAL_Driver/Src/stm32f3xx_hal_rcc_ex.o
 .debug_aranges
                0x0000000000000438      0x1d8 Drivers/STM32F3xx_HAL_Driver/Src/stm32f3xx_hal_spi.o
 .debug_aranges
                0x0000000000000610      0x228 Drivers/STM32F3xx_HAL_Driver/Src/stm32f3xx_hal_uart.o
 .debug_aranges
                0x0000000000000838       0x28 FATFS/App/fatfs.o
 .debug_aranges
                0x0000000000000860       0x40 FATFS/Target/user_diskio.o
 .debug_aranges
                0x00000000000008a0       0x98 FATFS/Target/user_diskio_spi.o
 .debug_aranges
                0x0000000000000938       0x40 Middlewares/Third_Party/FatFs/src/ff_gen_drv.o

.debug_ranges   0x0000000000000000      0x8b0
 .debug_ranges  0x0000000000000000       0x40 Core/Src/main.o
 .debug_ranges  0x0000000000000040       0x30 Core/Src/stm32f3xx_hal_msp.o
 .debug_ranges  0x0000000000000070       0x50 Core/Src/stm32f3xx_it.o
 .debug_ranges  0x00000000000000c0       0x18 Core/Src/system_stm32f3xx.o
 .debug_ranges  0x00000000000000d8       0x20 Core/Startup/startup_stm32f303k8tx.o
 .debug_ranges  0x00000000000000f8       0xd0 Drivers/STM32F3xx_HAL_Driver/Src/stm32f3xx_hal.o
 .debug_ranges  0x00000000000001c8       0xf0 Drivers/STM32F3xx_HAL_Driver/Src/stm32f3xx_hal_cortex.o
 .debug_ranges  0x00000000000002b8       0x48 Drivers/STM32F3xx_HAL_Driver/Src/stm32f3xx_hal_gpio.o
 .debug_ranges  0x0000000000000300       0x78 Drivers/STM32F3xx_HAL_Driver/Src/stm32f3xx_hal_rcc.o
 .debug_ranges  0x0000000000000378       0x28 Drivers/STM32F3xx_HAL_Driver/Src/stm32f3xx_hal_rcc_ex.o
 .debug_ranges  0x00000000000003a0      0x1c8 Drivers/STM32F3xx_HAL_Driver/Src/stm32f3xx_hal_spi.o
 .debug_ranges  0x0000000000000568      0x248 Drivers/STM32F3xx_HAL_Driver/Src/stm32f3xx_hal_uart.o
 .debug_ranges  0x00000000000007b0       0x18 FATFS/App/fatfs.o
 .debug_ranges  0x00000000000007c8       0x30 FATFS/Target/user_diskio.o
 .debug_ranges  0x00000000000007f8       0x88 FATFS/Target/user_diskio_spi.o
 .debug_ranges  0x0000000000000880       0x30 Middlewares/Third_Party/FatFs/src/ff_gen_drv.o

.debug_macro    0x0000000000000000    0x1b98a
 .debug_macro   0x0000000000000000      0x3b2 Core/Src/main.o
 .debug_macro   0x00000000000003b2      0xa5a Core/Src/main.o
 .debug_macro   0x0000000000000e0c      0x157 Core/Src/main.o
 .debug_macro   0x0000000000000f63       0x2e Core/Src/main.o
 .debug_macro   0x0000000000000f91       0x28 Core/Src/main.o
 .debug_macro   0x0000000000000fb9       0x22 Core/Src/main.o
 .debug_macro   0x0000000000000fdb       0x8e Core/Src/main.o
 .debug_macro   0x0000000000001069       0x51 Core/Src/main.o
 .debug_macro   0x00000000000010ba       0xef Core/Src/main.o
 .debug_macro   0x00000000000011a9       0x6a Core/Src/main.o
 .debug_macro   0x0000000000001213      0x1df Core/Src/main.o
 .debug_macro   0x00000000000013f2       0x1c Core/Src/main.o
 .debug_macro   0x000000000000140e       0x22 Core/Src/main.o
 .debug_macro   0x0000000000001430       0xdf Core/Src/main.o
 .debug_macro   0x000000000000150f      0xf07 Core/Src/main.o
 .debug_macro   0x0000000000002416    0x10bd9 Core/Src/main.o
 .debug_macro   0x0000000000012fef       0x43 Core/Src/main.o
 .debug_macro   0x0000000000013032     0x35e9 Core/Src/main.o
 .debug_macro   0x000000000001661b      0x174 Core/Src/main.o
 .debug_macro   0x000000000001678f       0x55 Core/Src/main.o
 .debug_macro   0x00000000000167e4      0x8f9 Core/Src/main.o
 .debug_macro   0x00000000000170dd      0x304 Core/Src/main.o
 .debug_macro   0x00000000000173e1      0x12f Core/Src/main.o
 .debug_macro   0x0000000000017510      0x11b Core/Src/main.o
 .debug_macro   0x000000000001762b      0x1d5 Core/Src/main.o
 .debug_macro   0x0000000000017800      0x1bc Core/Src/main.o
 .debug_macro   0x00000000000179bc       0x34 Core/Src/main.o
 .debug_macro   0x00000000000179f0       0x3c Core/Src/main.o
 .debug_macro   0x0000000000017a2c       0x57 Core/Src/main.o
 .debug_macro   0x0000000000017a83       0xc5 Core/Src/main.o
 .debug_macro   0x0000000000017b48      0x19f Core/Src/main.o
 .debug_macro   0x0000000000017ce7      0x22c Core/Src/main.o
 .debug_macro   0x0000000000017f13       0x5b Core/Src/main.o
 .debug_macro   0x0000000000017f6e       0xa5 Core/Src/main.o
 .debug_macro   0x0000000000018013       0x81 Core/Src/main.o
 .debug_macro   0x0000000000018094       0xd3 Core/Src/main.o
 .debug_macro   0x0000000000018167      0x2fe Core/Src/main.o
 .debug_macro   0x0000000000018465      0x5a5 Core/Src/main.o
 .debug_macro   0x0000000000018a0a       0x44 Core/Src/main.o
 .debug_macro   0x0000000000018a4e      0x285 Core/Src/main.o
 .debug_macro   0x0000000000018cd3       0x22 Core/Src/main.o
 .debug_macro   0x0000000000018cf5       0xde Core/Src/main.o
 .debug_macro   0x0000000000018dd3       0xf5 Core/Src/main.o
 .debug_macro   0x0000000000018ec8       0x8e Core/Src/main.o
 .debug_macro   0x0000000000018f56       0x46 Core/Src/main.o
 .debug_macro   0x0000000000018f9c       0x18 Core/Src/main.o
 .debug_macro   0x0000000000018fb4       0x3c Core/Src/main.o
 .debug_macro   0x0000000000018ff0       0x34 Core/Src/main.o
 .debug_macro   0x0000000000019024       0x16 Core/Src/main.o
 .debug_macro   0x000000000001903a       0x35 Core/Src/main.o
 .debug_macro   0x000000000001906f      0x32a Core/Src/main.o
 .debug_macro   0x0000000000019399       0x10 Core/Src/main.o
 .debug_macro   0x00000000000193a9       0x52 Core/Src/main.o
 .debug_macro   0x00000000000193fb       0x1f Core/Src/main.o
 .debug_macro   0x000000000001941a       0x43 Core/Src/main.o
 .debug_macro   0x000000000001945d       0x20 Core/Src/main.o
 .debug_macro   0x000000000001947d      0x1a3 Core/Src/main.o
 .debug_macro   0x0000000000019620       0x10 Core/Src/main.o
 .debug_macro   0x0000000000019630       0x1c Core/Src/main.o
 .debug_macro   0x000000000001964c       0x52 Core/Src/main.o
 .debug_macro   0x000000000001969e       0x40 Core/Src/main.o
 .debug_macro   0x00000000000196de       0x10 Core/Src/main.o
 .debug_macro   0x00000000000196ee       0x40 Core/Src/main.o
 .debug_macro   0x000000000001972e       0xd7 Core/Src/main.o
 .debug_macro   0x0000000000019805       0x1c Core/Src/main.o
 .debug_macro   0x0000000000019821       0x3d Core/Src/main.o
 .debug_macro   0x000000000001985e       0x16 Core/Src/main.o
 .debug_macro   0x0000000000019874      0x145 Core/Src/main.o
 .debug_macro   0x00000000000199b9       0x16 Core/Src/main.o
 .debug_macro   0x00000000000199cf       0x20 Core/Src/main.o
 .debug_macro   0x00000000000199ef       0x4c Core/Src/main.o
 .debug_macro   0x0000000000019a3b      0x1d6 Core/Src/stm32f3xx_hal_msp.o
 .debug_macro   0x0000000000019c11      0x1e0 Core/Src/stm32f3xx_it.o
 .debug_macro   0x0000000000019df1      0x1c7 Core/Src/system_stm32f3xx.o
 .debug_macro   0x0000000000019fb8      0x1eb Drivers/STM32F3xx_HAL_Driver/Src/stm32f3xx_hal.o
 .debug_macro   0x000000000001a1a3      0x1c7 Drivers/STM32F3xx_HAL_Driver/Src/stm32f3xx_hal_cortex.o
 .debug_macro   0x000000000001a36a      0x1ff Drivers/STM32F3xx_HAL_Driver/Src/stm32f3xx_hal_gpio.o
 .debug_macro   0x000000000001a569      0x1eb Drivers/STM32F3xx_HAL_Driver/Src/stm32f3xx_hal_rcc.o
 .debug_macro   0x000000000001a754      0x1c7 Drivers/STM32F3xx_HAL_Driver/Src/stm32f3xx_hal_rcc_ex.o
 .debug_macro   0x000000000001a91b      0x1cf Drivers/STM32F3xx_HAL_Driver/Src/stm32f3xx_hal_spi.o
 .debug_macro   0x000000000001aaea      0x1e4 Drivers/STM32F3xx_HAL_Driver/Src/stm32f3xx_hal_uart.o
 .debug_macro   0x000000000001acce      0x229 FATFS/App/fatfs.o
 .debug_macro   0x000000000001aef7       0xd8 FATFS/App/fatfs.o
 .debug_macro   0x000000000001afcf      0x2e3 FATFS/Target/user_diskio.o
 .debug_macro   0x000000000001b2b2       0x10 FATFS/Target/user_diskio.o
 .debug_macro   0x000000000001b2c2       0x16 FATFS/Target/user_diskio.o
 .debug_macro   0x000000000001b2d8       0x7c FATFS/Target/user_diskio.o
 .debug_macro   0x000000000001b354       0xd9 FATFS/Target/user_diskio.o
 .debug_macro   0x000000000001b42d       0x4f FATFS/Target/user_diskio.o
 .debug_macro   0x000000000001b47c      0x2d0 FATFS/Target/user_diskio_spi.o
 .debug_macro   0x000000000001b74c       0x28 FATFS/Target/user_diskio_spi.o
 .debug_macro   0x000000000001b774      0x216 Middlewares/Third_Party/FatFs/src/ff_gen_drv.o

.debug_line     0x0000000000000000     0x97df
 .debug_line    0x0000000000000000      0xa40 Core/Src/main.o
 .debug_line    0x0000000000000a40      0x73b Core/Src/stm32f3xx_hal_msp.o
 .debug_line    0x000000000000117b      0x781 Core/Src/stm32f3xx_it.o
 .debug_line    0x00000000000018fc      0x6fa Core/Src/system_stm32f3xx.o
 .debug_line    0x0000000000001ff6       0x88 Core/Startup/startup_stm32f303k8tx.o
 .debug_line    0x000000000000207e      0x8b8 Drivers/STM32F3xx_HAL_Driver/Src/stm32f3xx_hal.o
 .debug_line    0x0000000000002936      0x98f Drivers/STM32F3xx_HAL_Driver/Src/stm32f3xx_hal_cortex.o
 .debug_line    0x00000000000032c5      0x857 Drivers/STM32F3xx_HAL_Driver/Src/stm32f3xx_hal_gpio.o
 .debug_line    0x0000000000003b1c      0xe30 Drivers/STM32F3xx_HAL_Driver/Src/stm32f3xx_hal_rcc.o
 .debug_line    0x000000000000494c      0x885 Drivers/STM32F3xx_HAL_Driver/Src/stm32f3xx_hal_rcc_ex.o
 .debug_line    0x00000000000051d1     0x1178 Drivers/STM32F3xx_HAL_Driver/Src/stm32f3xx_hal_spi.o
 .debug_line    0x0000000000006349     0x11fd Drivers/STM32F3xx_HAL_Driver/Src/stm32f3xx_hal_uart.o
 .debug_line    0x0000000000007546      0x76f FATFS/App/fatfs.o
 .debug_line    0x0000000000007cb5      0x8ed FATFS/Target/user_diskio.o
 .debug_line    0x00000000000085a2      0xaa6 FATFS/Target/user_diskio_spi.o
 .debug_line    0x0000000000009048      0x797 Middlewares/Third_Party/FatFs/src/ff_gen_drv.o

.debug_str      0x0000000000000000    0x9dc26
 .debug_str     0x0000000000000000    0x9b842 Core/Src/main.o
                                      0x9bc27 (size before relaxing)
 .debug_str     0x000000000009b842       0x7d Core/Src/stm32f3xx_hal_msp.o
                                      0x96ea1 (size before relaxing)
 .debug_str     0x000000000009b8bf       0xbd Core/Src/stm32f3xx_it.o
                                      0x96894 (size before relaxing)
 .debug_str     0x000000000009b97c       0xbd Core/Src/system_stm32f3xx.o
                                      0x96869 (size before relaxing)
 .debug_str     0x000000000009ba39       0x36 Core/Startup/startup_stm32f303k8tx.o
                                         0x6f (size before relaxing)
 .debug_str     0x000000000009ba6f      0x54a Drivers/STM32F3xx_HAL_Driver/Src/stm32f3xx_hal.o
                                      0x96eb7 (size before relaxing)
 .debug_str     0x000000000009bfb9      0x2a2 Drivers/STM32F3xx_HAL_Driver/Src/stm32f3xx_hal_cortex.o
                                      0x96e98 (size before relaxing)
 .debug_str     0x000000000009c25b      0x278 Drivers/STM32F3xx_HAL_Driver/Src/stm32f3xx_hal_gpio.o
                                      0x96b41 (size before relaxing)
 .debug_str     0x000000000009c4d3      0x2f0 Drivers/STM32F3xx_HAL_Driver/Src/stm32f3xx_hal_rcc.o
                                      0x96cd7 (size before relaxing)
 .debug_str     0x000000000009c7c3       0xd8 Drivers/STM32F3xx_HAL_Driver/Src/stm32f3xx_hal_rcc_ex.o
                                      0x969eb (size before relaxing)
 .debug_str     0x000000000009c89b      0x591 Drivers/STM32F3xx_HAL_Driver/Src/stm32f3xx_hal_spi.o
                                      0x97150 (size before relaxing)
 .debug_str     0x000000000009ce2c      0x84a Drivers/STM32F3xx_HAL_Driver/Src/stm32f3xx_hal_uart.o
                                      0x974c4 (size before relaxing)
 .debug_str     0x000000000009d676       0x2f FATFS/App/fatfs.o
                                      0x97126 (size before relaxing)
 .debug_str     0x000000000009d6a5       0x97 FATFS/Target/user_diskio.o
                                      0x99ff2 (size before relaxing)
 .debug_str     0x000000000009d73c      0x41f FATFS/Target/user_diskio_spi.o
                                      0x9781c (size before relaxing)
 .debug_str     0x000000000009db5b       0xcb Middlewares/Third_Party/FatFs/src/ff_gen_drv.o
                                      0x970ae (size before relaxing)

.comment        0x0000000000000000       0x7b
 .comment       0x0000000000000000       0x7b Core/Src/main.o
                                         0x7c (size before relaxing)
 .comment       0x000000000000007b       0x7c Core/Src/stm32f3xx_hal_msp.o
 .comment       0x000000000000007b       0x7c Core/Src/stm32f3xx_it.o
 .comment       0x000000000000007b       0x7c Core/Src/system_stm32f3xx.o
 .comment       0x000000000000007b       0x7c Drivers/STM32F3xx_HAL_Driver/Src/stm32f3xx_hal.o
 .comment       0x000000000000007b       0x7c Drivers/STM32F3xx_HAL_Driver/Src/stm32f3xx_hal_cortex.o
 .comment       0x000000000000007b       0x7c Drivers/STM32F3xx_HAL_Driver/Src/stm32f3xx_hal_gpio.o
 .comment       0x000000000000007b       0x7c Drivers/STM32F3xx_HAL_Driver/Src/stm32f3xx_hal_rcc.o
 .comment       0x000000000000007b       0x7c Drivers/STM32F3xx_HAL_Driver/Src/stm32f3xx_hal_rcc_ex.o
 .comment       0x000000000000007b       0x7c Drivers/STM32F3xx_HAL_Driver/Src/stm32f3xx_hal_spi.o
 .comment       0x000000000000007b       0x7c Drivers/STM32F3xx_HAL_Driver/Src/stm32f3xx_hal_uart.o
 .comment       0x000000000000007b       0x7c FATFS/App/fatfs.o
 .comment       0x000000000000007b       0x7c FATFS/Target/user_diskio.o
 .comment       0x000000000000007b       0x7c FATFS/Target/user_diskio_spi.o
 .comment       0x000000000000007b       0x7c Middlewares/Third_Party/FatFs/src/ff_gen_drv.o

.debug_frame    0x0000000000000000     0x2554
 .debug_frame   0x0000000000000000      0x110 Core/Src/main.o
 .debug_frame   0x0000000000000110       0xc8 Core/Src/stm32f3xx_hal_msp.o
 .debug_frame   0x00000000000001d8      0x10c Core/Src/stm32f3xx_it.o
 .debug_frame   0x00000000000002e4       0x58 Core/Src/system_stm32f3xx.o
 .debug_frame   0x000000000000033c      0x334 Drivers/STM32F3xx_HAL_Driver/Src/stm32f3xx_hal.o
 .debug_frame   0x0000000000000670      0x428 Drivers/STM32F3xx_HAL_Driver/Src/stm32f3xx_hal_cortex.o
 .debug_frame   0x0000000000000a98      0x14c Drivers/STM32F3xx_HAL_Driver/Src/stm32f3xx_hal_gpio.o
 .debug_frame   0x0000000000000be4      0x214 Drivers/STM32F3xx_HAL_Driver/Src/stm32f3xx_hal_rcc.o
 .debug_frame   0x0000000000000df8       0xb0 Drivers/STM32F3xx_HAL_Driver/Src/stm32f3xx_hal_rcc_ex.o
 .debug_frame   0x0000000000000ea8      0x860 Drivers/STM32F3xx_HAL_Driver/Src/stm32f3xx_hal_spi.o
 .debug_frame   0x0000000000001708      0x9e0 Drivers/STM32F3xx_HAL_Driver/Src/stm32f3xx_hal_uart.o
 .debug_frame   0x00000000000020e8       0x4c FATFS/App/fatfs.o
 .debug_frame   0x0000000000002134       0xc4 FATFS/Target/user_diskio.o
 .debug_frame   0x00000000000021f8      0x248 FATFS/Target/user_diskio_spi.o
 .debug_frame   0x0000000000002440       0xc8 Middlewares/Third_Party/FatFs/src/ff_gen_drv.o
 .debug_frame   0x0000000000002508       0x2c c:/st/stm32cubeide_1.4.0/stm32cubeide/plugins/com.st.stm32cube.ide.mcu.externaltools.gnu-tools-for-stm32.7-2018-q2-update.win32_1.4.0.202007081208/tools/bin/../lib/gcc/arm-none-eabi/7.3.1/../../../../arm-none-eabi/lib/thumb/v7e-m/fpv4-sp/hard\libc_nano.a(lib_a-init.o)
 .debug_frame   0x0000000000002534       0x20 c:/st/stm32cubeide_1.4.0/stm32cubeide/plugins/com.st.stm32cube.ide.mcu.externaltools.gnu-tools-for-stm32.7-2018-q2-update.win32_1.4.0.202007081208/tools/bin/../lib/gcc/arm-none-eabi/7.3.1/../../../../arm-none-eabi/lib/thumb/v7e-m/fpv4-sp/hard\libc_nano.a(lib_a-memset.o)
